serial.c:23:6:set_s1_baudrate	16	static
serial.c:40:6:set_s2_baudrate	16	static
serial.c:57:6:set_s3_baudrate	16	static
serial.c:74:6:set_s4_baudrate	16	static
serial.c:94:6:usb_printf	8	static
serial.c:105:6:s1_printf	8	static
serial.c:113:6:s2_printf	8	static
serial.c:121:6:s3_printf	8	static
serial.c:129:6:s4_printf	8	static
serial.c:137:6:usb_printf_dir	8	static
serial.c:145:6:s1_printf_dir	8	static
serial.c:153:6:s2_printf_dir	8	static
serial.c:161:6:s3_printf_dir	8	static
serial.c:169:6:s4_printf_dir	8	static
serial.c:180:19:s1_send_buf	16	static
serial.c:185:19:s2_send_buf	16	static
serial.c:190:19:s3_send_buf	16	static
serial.c:195:19:s4_send_buf	16	static
serial.c:200:19:s1_send_buf_delayms	24	static
serial.c:205:19:s2_send_buf_delayms	24	static
serial.c:210:19:s3_send_buf_delayms	24	static
serial.c:215:19:s4_send_buf_delayms	24	static
serial.c:220:6:read_usb_data_callback	24	static
serial.c:227:6:COMM1_Callback	24	static
serial.c:245:6:COMM2_Callback	24	static
serial.c:263:6:COMM3_Callback	24	static
serial.c:281:6:COMM4_Callback	24	static
serial.c:299:6:comm_callback	8	static
