i2c.c:18:6:Set_I2C_Mode	16	static
i2c.c:28:19:I2C_Master_Transmit_Delayms	32	static
i2c.c:32:19:I2C_Master_Receive_Delayms	32	static
i2c.c:36:19:I2C_Slave_Transmit_Delayms	24	static
i2c.c:40:19:I2C_Slave_Receive_Delayms	24	static
i2c.c:44:19:I2C_Mem_Write_Delayms	40	static
i2c.c:48:19:I2C_Mem_Read_Delayms	40	static
i2c.c:52:19:I2C_IsDeviceReady_Delayms	24	static
i2c.c:57:19:I2C_Master_Transmit_IT	16	static
i2c.c:61:19:I2C_Master_Receive_IT	16	static
i2c.c:65:19:I2C_Slave_Transmit_IT	16	static
i2c.c:69:19:I2C_Slave_Receive_IT	16	static
i2c.c:73:19:I2C_Mem_Write_IT	32	static
i2c.c:77:19:I2C_Mem_Read_IT	32	static
i2c.c:81:22:I2C_GetState	8	static
