rcout.c:30:6:reset_motor_freq	16	static
rcout.c:43:6:reset_servo_freq	16	static
rcout.c:62:6:Motor_Set_Value	16	static
rcout.c:72:6:Servo_Set_Value	16	static
rcout.c:79:6:set_motors_value	4	static
rcout.c:97:6:set_servos_value	4	static
rcout.c:105:6:FMU_PWM_Set_Output_Enable	8	static
rcout.c:121:6:FMU_PWM_Set_Output_Disable	8	static
rcout.c:145:6:set_gpio1_mode	16	static
rcout.c:157:6:set_gpio2_mode	16	static
rcout.c:169:6:set_gpio3_mode	16	static
rcout.c:181:6:set_gpio4_mode	16	static
rcout.c:193:6:set_gpio5_mode	16	static
rcout.c:205:6:set_gpio6_mode	16	static
rcout.c:217:6:set_gpio7_mode	16	static
rcout.c:229:6:set_gpio8_mode	16	static
rcout.c:241:6:write_gpio1	16	static
rcout.c:246:6:write_gpio2	16	static
rcout.c:251:6:write_gpio3	16	static
rcout.c:256:6:write_gpio4	16	static
rcout.c:261:6:write_gpio5	16	static
rcout.c:266:6:write_gpio6	16	static
rcout.c:271:6:write_gpio7	16	static
rcout.c:276:6:write_gpio8	16	static
rcout.c:281:6:read_gpio1	8	static
rcout.c:286:6:read_gpio2	8	static
rcout.c:291:6:read_gpio3	8	static
rcout.c:296:6:read_gpio4	8	static
rcout.c:301:6:read_gpio5	8	static
rcout.c:306:6:read_gpio6	8	static
rcout.c:311:6:read_gpio7	8	static
rcout.c:316:6:read_gpio8	8	static
rcout.c:321:6:set_rcout_enable	16	static
