cmath:562:3:constexpr bool std::isfinite(float)	16	static
pid_2d.cpp:16:1:PID_2D::PID_2D(float, float, float, float, float, float, float, float, float, float)	24	static
pid_2d.cpp:36:6:void PID_2D::set_dt(float)	16	static
pid_2d.cpp:45:6:void PID_2D::operator()(float, float, float, float, float, float, float, float, float, float)	24	static
pid_2d.cpp:60:6:void PID_2D::filt_hz(float)	16	static
pid_2d.cpp:72:6:void PID_2D::filt_d_hz(float)	16	static
pid_2d.cpp:86:6:void PID_2D::set_input(const Vector2f&)	32	static
pid_2d.cpp:109:6:void PID_2D::set_input_filter_d(const Vector2f&)	40	static
pid_2d.cpp:131:10:Vector2f PID_2D::get_p() const	16	static
pid_2d.cpp:136:10:Vector2f PID_2D::get_i()	24	static
pid_2d.cpp:152:10:Vector2f PID_2D::get_i_shrink()	24	static
pid_2d.cpp:168:10:Vector2f PID_2D::get_d()	16	static
pid_2d.cpp:174:10:Vector2f PID_2D::get_pid()	48	static
pid_2d.cpp:179:6:void PID_2D::reset_I()	16	static
pid_2d.cpp:185:6:void PID_2D::calc_filt_alpha()	24	static
pid_2d.cpp:198:6:void PID_2D::calc_filt_alpha_d()	24	static
vector2.h:22:15:constexpr Vector2<T>::Vector2(T, T) [with T = float]	24	static
vector2.h:17:15:constexpr Vector2<T>::Vector2() [with T = float]	16	static
math_inc.h:55:13:bool is_positive(T) [with T = float]	16	static
math_inc.h:47:13:bool is_zero(T) [with T = float]	16	static
vector2.h:102:10:void Vector2<T>::zero() [with T = float]	16	static
