matrix3.cpp:226:6:void Matrix3<T>::zero() [with T = float]	16	static
matrix3.cpp:103:6:void Matrix3<T>::rotate(const Vector3<T>&) [with T = float]	56	static
matrix3.cpp:123:6:void Matrix3<T>::normalize() [with T = float]	104	static
matrix3.cpp:14:6:void Matrix3<T>::from_euler(float, float, float) [with T = float]	48	static
matrix3.cpp:37:6:void Matrix3<T>::to_euler(float*, float*, float*) const [with T = float]	24	static
matrix3.cpp:51:6:void Matrix3<T>::from_rotation(Rotation) [with T = float]	16	static
matrix3.cpp:80:6:void Matrix3<T>::from_euler312(float, float, float) [with T = float]	48	static
matrix3.cpp:236:6:void Matrix3<T>::from_axis_angle(const Vector3<T>&, float) [with T = float]	64	static
matrix3.cpp:69:12:Vector3<T> Matrix3<T>::to_euler312() const [with T = float]	24	static
matrix3.cpp:136:12:Vector3<T> Matrix3<T>::operator*(const Vector3<T>&) const [with T = float]	24	static
matrix3.cpp:153:12:Vector3<T> Matrix3<T>::mul_transpose(const Vector3<T>&) const [with T = float]	24	static
matrix3.cpp:162:12:Matrix3<T> Matrix3<T>::operator*(const Matrix3<T>&) const [with T = float]	64	static
matrix3.cpp:177:12:Matrix3<T> Matrix3<T>::transposed() const [with T = float]	56	static
matrix3.cpp:185:3:T Matrix3<T>::det() const [with T = float]	16	static
matrix3.cpp:193:6:bool Matrix3<T>::inverse(Matrix3<T>&) const [with T = float]	24	static
matrix3.cpp:215:6:bool Matrix3<T>::invert() [with T = float]	64	static
matrix3.cpp:145:12:Vector2<T> Matrix3<T>::mulXY(const Vector3<T>&) const [with T = float]	24	static
matrix3.cpp:226:6:void Matrix3<T>::zero() [with T = double]	16	static
matrix3.cpp:103:6:void Matrix3<T>::rotate(const Vector3<T>&) [with T = double]	96	static
matrix3.cpp:14:6:void Matrix3<T>::from_euler(float, float, float) [with T = double]	48	static
matrix3.cpp:37:6:void Matrix3<T>::to_euler(float*, float*, float*) const [with T = double]	32	static
matrix3.cpp:136:12:Vector3<T> Matrix3<T>::operator*(const Vector3<T>&) const [with T = double]	64	static
matrix3.cpp:153:12:Vector3<T> Matrix3<T>::mul_transpose(const Vector3<T>&) const [with T = double]	64	static
matrix3.cpp:162:12:Matrix3<T> Matrix3<T>::operator*(const Matrix3<T>&) const [with T = double]	136	static
matrix3.cpp:177:12:Matrix3<T> Matrix3<T>::transposed() const [with T = double]	120	static
matrix3.cpp:185:3:T Matrix3<T>::det() const [with T = double]	40	static
matrix3.cpp:193:6:bool Matrix3<T>::inverse(Matrix3<T>&) const [with T = double]	32	static
matrix3.cpp:215:6:bool Matrix3<T>::invert() [with T = double]	96	static
matrix3.cpp:145:12:Vector2<T> Matrix3<T>::mulXY(const Vector3<T>&) const [with T = double]	48	static
matrix3.h:83:17:Matrix3<T>& Matrix3<T>::operator+=(const Matrix3<T>&) [with T = float]	64	static
vector3.h:42:10:void Vector3<T>::operator()(T, T, T) [with T = float]	24	static
matrix3.h:171:10:void Matrix3<T>::transpose() [with T = float]	64	static
vector3.h:148:16:Vector3<T> Vector3<T>::normalized() const [with T = float]	16	static
vector3.h:36:15:constexpr Vector3<T>::Vector3(T, T, T) [with T = float]	24	static
matrix3.h:41:15:constexpr Matrix3<T>::Matrix3(const Vector3<T>&, const Vector3<T>&, const Vector3<T>&) [with T = float]	24	static
math_inc.h:47:13:bool is_zero(T) [with T = float]	16	static
vector2.h:22:15:constexpr Vector2<T>::Vector2(T, T) [with T = float]	24	static
matrix3.h:83:17:Matrix3<T>& Matrix3<T>::operator+=(const Matrix3<T>&) [with T = double]	96	static
vector3.h:36:15:constexpr Vector3<T>::Vector3(T, T, T) [with T = double]	24	static
matrix3.h:41:15:constexpr Matrix3<T>::Matrix3(const Vector3<T>&, const Vector3<T>&, const Vector3<T>&) [with T = double]	32	static
math_inc.h:47:13:bool is_zero(T) [with T = double]	16	static
vector2.h:22:15:constexpr Vector2<T>::Vector2(T, T) [with T = double]	24	static
matrix3.h:79:16:Matrix3<T> Matrix3<T>::operator+(const Matrix3<T>&) const [with T = float]	64	static
matrix3.h:79:16:Matrix3<T> Matrix3<T>::operator+(const Matrix3<T>&) const [with T = double]	96	static
