common.h:283:8:<unnamed struct>::<constructor>()	16	static
flash.cpp:9:6:void DataFlash::write_data(uint32_t, uint8_t*, uint8_t)	24	static
flash.cpp:18:6:void DataFlash::read_data(uint32_t, uint8_t*, uint8_t)	24	static
flash.cpp:27:6:void DataFlash::update_addr_num_max(uint16_t)	16	static
flash.cpp:38:6:void DataFlash::reset_addr_num_max()	16	static
flash.cpp:45:10:uint16_t DataFlash::get_addr_num_max()	16	static
flash.cpp:52:6:void DataFlash::set_param_uint8(uint16_t, uint8_t)	24	static
flash.cpp:61:6:void DataFlash::set_param_float(uint16_t, float)	32	static
flash.cpp:70:6:void DataFlash::set_param_vector3f(uint16_t, Vector3f)	24	static
flash.cpp:81:6:void DataFlash::set_param_pid(uint16_t, float, float, float, float, float)	32	static
flash.cpp:94:6:void DataFlash::set_param_pid_2d(uint16_t, float, float, float, float, float, float)	32	static
flash.cpp:108:6:void DataFlash::get_param_uint8(uint16_t, uint8_t&)	32	static
flash.cpp:115:6:void DataFlash::get_param_float(uint16_t, float&)	32	static
flash.cpp:122:6:void DataFlash::get_param_vector3f(uint16_t, Vector3f&)	32	static
flash.cpp:131:6:void DataFlash::get_param_pid(uint16_t, float&, float&, float&, float&, float&)	32	static
flash.cpp:142:6:void DataFlash::get_param_pid_2d(uint16_t, float&, float&, float&, float&, float&, float&)	32	static
flash.cpp:152:1:void __static_initialization_and_destruction_0(int, int)	16	static
flash.cpp:152:1:cpp)	8	static
