freertos.c:170:13:configureTimerForRunTimeStats	4	static
freertos.c:175:22:getRunTimeCounterValue	4	static
freertos.c:186:6:MX_FREERTOS_Init	8	static
freertos.c:264:6:InitTask	16	static
freertos.c:325:6:Loop200hzTask	16	static
freertos.c:347:6:HeartBeatTask	24	static
freertos.c:372:6:Loop400hzTask	16	static
freertos.c:408:6:Loop100hzTask	16	static
freertos.c:438:6:BuzzerTask	16	static
freertos.c:456:6:MavSendTask	16	static
freertos.c:475:6:Loop50hzTask	16	static
freertos.c:497:6:SDLogTask	16	static
freertos.c:516:6:GPSTask	24	static
freertos.c:552:6:UWBTask	32	static
freertos.c:577:6:TestTask	16	static
freertos.c:589:6:get_task_initialed	4	static
freertos.c:594:6:TIM_400HZ_Callback	8	static
freertos.c:598:6:TIM_200HZ_Callback	8	static
freertos.c:602:6:TIM_100HZ_Callback	8	static
freertos.c:606:6:TIM_50HZ_Callback	8	static
freertos.c:611:6:gpio1_interrupt_callback	4	static
freertos.c:615:6:gpio2_interrupt_callback	4	static
freertos.c:619:6:gpio3_interrupt_callback	4	static
freertos.c:623:6:gpio4_interrupt_callback	4	static
freertos.c:627:6:gpio5_interrupt_callback	4	static
freertos.c:631:6:gpio6_interrupt_callback	4	static
freertos.c:635:6:gpio7_interrupt_callback	4	static
freertos.c:639:6:gpio8_interrupt_callback	4	static
