freertos.c:170:13:configureTimerForRunTimeStats	4	static
freertos.c:175:22:getRunTimeCounterValue	4	static
freertos.c:186:6:MX_FREERTOS_Init	8	static
freertos.c:264:6:InitTask	16	static
freertos.c:324:6:Loop200hzTask	16	static
freertos.c:346:6:HeartBeatTask	24	static
freertos.c:371:6:Loop400hzTask	16	static
freertos.c:408:6:Loop100hzTask	16	static
freertos.c:437:6:BuzzerTask	16	static
freertos.c:455:6:MavSendTask	16	static
freertos.c:474:6:Loop50hzTask	16	static
freertos.c:496:6:SDLogTask	16	static
freertos.c:515:6:GPSTask	24	static
freertos.c:549:6:UWBTask	24	static
freertos.c:580:6:TestTask	16	static
freertos.c:593:6:TIM_400HZ_Callback	8	static
freertos.c:597:6:TIM_200HZ_Callback	8	static
freertos.c:601:6:TIM_100HZ_Callback	8	static
freertos.c:605:6:TIM_50HZ_Callback	8	static
freertos.c:610:6:gpio1_interrupt_callback	4	static
freertos.c:614:6:gpio2_interrupt_callback	4	static
freertos.c:618:6:gpio3_interrupt_callback	4	static
freertos.c:622:6:gpio4_interrupt_callback	4	static
freertos.c:626:6:gpio5_interrupt_callback	4	static
freertos.c:630:6:gpio6_interrupt_callback	4	static
freertos.c:634:6:gpio7_interrupt_callback	4	static
freertos.c:638:6:gpio8_interrupt_callback	4	static
