freertos.c:170:13:configureTimerForRunTimeStats	4	static
freertos.c:175:22:getRunTimeCounterValue	4	static
freertos.c:186:6:MX_FREERTOS_Init	8	static
freertos.c:264:6:InitTask	16	static
freertos.c:325:6:Loop200hzTask	16	static
freertos.c:347:6:HeartBeatTask	24	static
freertos.c:372:6:Loop400hzTask	16	static
freertos.c:408:6:Loop100hzTask	16	static
freertos.c:438:6:BuzzerTask	16	static
freertos.c:456:6:MavSendTask	16	static
freertos.c:475:6:Loop50hzTask	16	static
freertos.c:497:6:SDLogTask	16	static
freertos.c:516:6:GPSTask	24	static
freertos.c:552:6:UWBTask	16	static
freertos.c:574:6:TestTask	16	static
freertos.c:586:6:get_task_initialed	4	static
freertos.c:591:6:TIM_400HZ_Callback	8	static
freertos.c:595:6:TIM_200HZ_Callback	8	static
freertos.c:599:6:TIM_100HZ_Callback	8	static
freertos.c:603:6:TIM_50HZ_Callback	8	static
freertos.c:608:6:gpio1_interrupt_callback	4	static
freertos.c:612:6:gpio2_interrupt_callback	4	static
freertos.c:616:6:gpio3_interrupt_callback	4	static
freertos.c:620:6:gpio4_interrupt_callback	4	static
freertos.c:624:6:gpio5_interrupt_callback	4	static
freertos.c:628:6:gpio6_interrupt_callback	4	static
freertos.c:632:6:gpio7_interrupt_callback	4	static
freertos.c:636:6:gpio8_interrupt_callback	4	static
