stm32f4xx_it.c:103:6:NMI_Handler	4	static
stm32f4xx_it.c:116:6:HardFault_Handler	4	static
stm32f4xx_it.c:132:6:MemManage_Handler	4	static
stm32f4xx_it.c:148:6:BusFault_Handler	4	static
stm32f4xx_it.c:164:6:UsageFault_Handler	4	static
stm32f4xx_it.c:180:6:DebugMon_Handler	4	static
stm32f4xx_it.c:200:6:RCC_IRQHandler	4	static
stm32f4xx_it.c:213:6:DMA1_Stream1_IRQHandler	8	static
stm32f4xx_it.c:227:6:DMA1_Stream2_IRQHandler	8	static
stm32f4xx_it.c:241:6:DMA1_Stream3_IRQHandler	8	static
stm32f4xx_it.c:255:6:DMA1_Stream5_IRQHandler	8	static
stm32f4xx_it.c:269:6:DMA1_Stream6_IRQHandler	8	static
stm32f4xx_it.c:283:6:TIM1_UP_TIM10_IRQHandler	8	static
stm32f4xx_it.c:298:6:TIM1_TRG_COM_TIM11_IRQHandler	8	static
stm32f4xx_it.c:313:6:TIM2_IRQHandler	8	static
stm32f4xx_it.c:327:6:TIM3_IRQHandler	8	static
stm32f4xx_it.c:341:6:TIM4_IRQHandler	8	static
stm32f4xx_it.c:355:6:I2C2_EV_IRQHandler	8	static
stm32f4xx_it.c:369:6:I2C2_ER_IRQHandler	8	static
stm32f4xx_it.c:383:6:SPI1_IRQHandler	8	static
stm32f4xx_it.c:397:6:USART2_IRQHandler	8	static
stm32f4xx_it.c:411:6:USART3_IRQHandler	8	static
stm32f4xx_it.c:425:6:TIM8_UP_TIM13_IRQHandler	8	static
stm32f4xx_it.c:440:6:TIM8_TRG_COM_TIM14_IRQHandler	8	static
stm32f4xx_it.c:455:6:SDIO_IRQHandler	8	static
stm32f4xx_it.c:469:6:TIM5_IRQHandler	8	static
stm32f4xx_it.c:483:6:UART4_IRQHandler	8	static
stm32f4xx_it.c:497:6:TIM7_IRQHandler	8	static
stm32f4xx_it.c:511:6:DMA2_Stream0_IRQHandler	8	static
stm32f4xx_it.c:525:6:DMA2_Stream1_IRQHandler	8	static
stm32f4xx_it.c:539:6:DMA2_Stream2_IRQHandler	8	static
stm32f4xx_it.c:553:6:DMA2_Stream3_IRQHandler	8	static
stm32f4xx_it.c:567:6:DMA2_Stream4_IRQHandler	8	static
stm32f4xx_it.c:581:6:OTG_FS_IRQHandler	8	static
stm32f4xx_it.c:595:6:DMA2_Stream5_IRQHandler	8	static
stm32f4xx_it.c:609:6:DMA2_Stream6_IRQHandler	8	static
stm32f4xx_it.c:623:6:UART7_IRQHandler	8	static
stm32f4xx_it.c:637:6:UART8_IRQHandler	8	static
stm32f4xx_it.c:651:6:SPI4_IRQHandler	8	static
stm32f4xx_it.c:663:6:EXTI1_IRQHandler	8	static
stm32f4xx_it.c:668:6:EXTI3_IRQHandler	8	static
stm32f4xx_it.c:673:6:EXTI4_IRQHandler	8	static
stm32f4xx_it.c:678:6:EXTI9_5_IRQHandler	8	static
stm32f4xx_it.c:683:6:EXTI15_10_IRQHandler	8	static
