math_inc.h:146:14:float constrain_float(float, float, float)	24	static
LowPassFilter.cpp:70:1:LowPassFilter<T>::LowPassFilter() [with T = int]	16	static
LowPassFilter.cpp:74:1:LowPassFilter<T>::LowPassFilter(float) [with T = int]	16	static
LowPassFilter.cpp:78:1:LowPassFilter<T>::LowPassFilter(float, float) [with T = int]	24	static
LowPassFilter.cpp:85:6:void LowPassFilter<T>::set_cutoff_frequency(float) [with T = int]	16	static
LowPassFilter.cpp:90:6:void LowPassFilter<T>::set_cutoff_frequency(float, float) [with T = int]	24	static
LowPassFilter.cpp:97:7:float LowPassFilter<T>::get_cutoff_freq() const [with T = int]	16	static
LowPassFilter.cpp:102:3:T LowPassFilter<T>::apply(T, float) [with T = int]	24	static
LowPassFilter.cpp:107:3:T LowPassFilter<T>::apply(T) [with T = int]	16	static
LowPassFilter.cpp:112:10:const T& LowPassFilter<T>::get() const [with T = int]	16	static
LowPassFilter.cpp:117:6:void LowPassFilter<T>::reset(T) [with T = int]	16	static
LowPassFilter.h:78:10:void LowPassFilter<T>::reset() [with T = int]	16	static
LowPassFilter.cpp:70:1:LowPassFilter<T>::LowPassFilter() [with T = long int]	16	static
LowPassFilter.cpp:74:1:LowPassFilter<T>::LowPassFilter(float) [with T = long int]	16	static
LowPassFilter.cpp:78:1:LowPassFilter<T>::LowPassFilter(float, float) [with T = long int]	24	static
LowPassFilter.cpp:85:6:void LowPassFilter<T>::set_cutoff_frequency(float) [with T = long int]	16	static
LowPassFilter.cpp:90:6:void LowPassFilter<T>::set_cutoff_frequency(float, float) [with T = long int]	24	static
LowPassFilter.cpp:97:7:float LowPassFilter<T>::get_cutoff_freq() const [with T = long int]	16	static
LowPassFilter.cpp:102:3:T LowPassFilter<T>::apply(T, float) [with T = long int]	24	static
LowPassFilter.cpp:107:3:T LowPassFilter<T>::apply(T) [with T = long int]	16	static
LowPassFilter.cpp:112:10:const T& LowPassFilter<T>::get() const [with T = long int]	16	static
LowPassFilter.cpp:117:6:void LowPassFilter<T>::reset(T) [with T = long int]	16	static
LowPassFilter.h:78:10:void LowPassFilter<T>::reset() [with T = long int]	16	static
LowPassFilter.cpp:70:1:LowPassFilter<T>::LowPassFilter() [with T = float]	16	static
LowPassFilter.cpp:74:1:LowPassFilter<T>::LowPassFilter(float) [with T = float]	16	static
LowPassFilter.cpp:78:1:LowPassFilter<T>::LowPassFilter(float, float) [with T = float]	24	static
LowPassFilter.cpp:85:6:void LowPassFilter<T>::set_cutoff_frequency(float) [with T = float]	16	static
LowPassFilter.cpp:90:6:void LowPassFilter<T>::set_cutoff_frequency(float, float) [with T = float]	24	static
LowPassFilter.cpp:97:7:float LowPassFilter<T>::get_cutoff_freq() const [with T = float]	16	static
LowPassFilter.cpp:102:3:T LowPassFilter<T>::apply(T, float) [with T = float]	24	static
LowPassFilter.cpp:107:3:T LowPassFilter<T>::apply(T) [with T = float]	16	static
LowPassFilter.cpp:112:10:const T& LowPassFilter<T>::get() const [with T = float]	16	static
LowPassFilter.cpp:117:6:void LowPassFilter<T>::reset(T) [with T = float]	16	static
LowPassFilter.h:78:10:void LowPassFilter<T>::reset() [with T = float]	16	static
LowPassFilter.cpp:70:1:LowPassFilter<T>::LowPassFilter() [with T = Vector2<float>]	16	static
LowPassFilter.cpp:74:1:LowPassFilter<T>::LowPassFilter(float) [with T = Vector2<float>]	16	static
LowPassFilter.cpp:78:1:LowPassFilter<T>::LowPassFilter(float, float) [with T = Vector2<float>]	24	static
LowPassFilter.cpp:85:6:void LowPassFilter<T>::set_cutoff_frequency(float) [with T = Vector2<float>]	16	static
LowPassFilter.cpp:90:6:void LowPassFilter<T>::set_cutoff_frequency(float, float) [with T = Vector2<float>]	24	static
LowPassFilter.cpp:97:7:float LowPassFilter<T>::get_cutoff_freq() const [with T = Vector2<float>]	16	static
LowPassFilter.cpp:102:3:T LowPassFilter<T>::apply(T, float) [with T = Vector2<float>]	40	static
LowPassFilter.cpp:107:3:T LowPassFilter<T>::apply(T) [with T = Vector2<float>]	24	static
LowPassFilter.cpp:112:10:const T& LowPassFilter<T>::get() const [with T = Vector2<float>]	16	static
LowPassFilter.cpp:117:6:void LowPassFilter<T>::reset(T) [with T = Vector2<float>]	24	static
LowPassFilter.h:78:10:void LowPassFilter<T>::reset() [with T = Vector2<float>]	24	static
LowPassFilter.cpp:70:1:LowPassFilter<T>::LowPassFilter() [with T = Vector3<float>]	16	static
LowPassFilter.cpp:74:1:LowPassFilter<T>::LowPassFilter(float) [with T = Vector3<float>]	16	static
LowPassFilter.cpp:78:1:LowPassFilter<T>::LowPassFilter(float, float) [with T = Vector3<float>]	24	static
LowPassFilter.cpp:85:6:void LowPassFilter<T>::set_cutoff_frequency(float) [with T = Vector3<float>]	16	static
LowPassFilter.cpp:90:6:void LowPassFilter<T>::set_cutoff_frequency(float, float) [with T = Vector3<float>]	24	static
LowPassFilter.cpp:97:7:float LowPassFilter<T>::get_cutoff_freq() const [with T = Vector3<float>]	16	static
LowPassFilter.cpp:102:3:T LowPassFilter<T>::apply(T, float) [with T = Vector3<float>]	24	static
LowPassFilter.cpp:107:3:T LowPassFilter<T>::apply(T) [with T = Vector3<float>]	16	static
LowPassFilter.cpp:112:10:const T& LowPassFilter<T>::get() const [with T = Vector3<float>]	16	static
LowPassFilter.cpp:117:6:void LowPassFilter<T>::reset(T) [with T = Vector3<float>]	24	static
LowPassFilter.h:78:10:void LowPassFilter<T>::reset() [with T = Vector3<float>]	32	static
LowPassFilter.cpp:18:1:DigitalLPF<T>::DigitalLPF() [with T = int]	16	static
LowPassFilter.cpp:43:6:void DigitalLPF<T>::compute_alpha(float, float) [with T = int]	32	static
LowPassFilter.cpp:25:3:T DigitalLPF<T>::apply(const T&, float, float) [with T = int]	32	static
LowPassFilter.cpp:37:3:T DigitalLPF<T>::apply(const T&) [with T = int]	16	static
LowPassFilter.cpp:55:10:const T& DigitalLPF<T>::get() const [with T = int]	16	static
LowPassFilter.cpp:60:6:void DigitalLPF<T>::reset(T) [with T = int]	16	static
LowPassFilter.cpp:18:1:DigitalLPF<T>::DigitalLPF() [with T = long int]	16	static
LowPassFilter.cpp:43:6:void DigitalLPF<T>::compute_alpha(float, float) [with T = long int]	32	static
LowPassFilter.cpp:25:3:T DigitalLPF<T>::apply(const T&, float, float) [with T = long int]	32	static
LowPassFilter.cpp:37:3:T DigitalLPF<T>::apply(const T&) [with T = long int]	16	static
LowPassFilter.cpp:55:10:const T& DigitalLPF<T>::get() const [with T = long int]	16	static
LowPassFilter.cpp:60:6:void DigitalLPF<T>::reset(T) [with T = long int]	16	static
LowPassFilter.cpp:18:1:DigitalLPF<T>::DigitalLPF() [with T = float]	16	static
LowPassFilter.cpp:43:6:void DigitalLPF<T>::compute_alpha(float, float) [with T = float]	32	static
LowPassFilter.cpp:25:3:T DigitalLPF<T>::apply(const T&, float, float) [with T = float]	32	static
LowPassFilter.cpp:37:3:T DigitalLPF<T>::apply(const T&) [with T = float]	16	static
LowPassFilter.cpp:55:10:const T& DigitalLPF<T>::get() const [with T = float]	16	static
LowPassFilter.cpp:60:6:void DigitalLPF<T>::reset(T) [with T = float]	16	static
LowPassFilter.cpp:18:1:DigitalLPF<T>::DigitalLPF() [with T = Vector2<float>]	24	static
LowPassFilter.cpp:43:6:void DigitalLPF<T>::compute_alpha(float, float) [with T = Vector2<float>]	32	static
LowPassFilter.cpp:25:3:T DigitalLPF<T>::apply(const T&, float, float) [with T = Vector2<float>]	56	static
LowPassFilter.cpp:37:3:T DigitalLPF<T>::apply(const T&) [with T = Vector2<float>]	48	static
LowPassFilter.cpp:55:10:const T& DigitalLPF<T>::get() const [with T = Vector2<float>]	16	static
LowPassFilter.cpp:60:6:void DigitalLPF<T>::reset(T) [with T = Vector2<float>]	24	static
vector2.h:17:15:constexpr Vector2<T>::Vector2() [with T = float]	16	static
LowPassFilter.cpp:18:1:DigitalLPF<T>::DigitalLPF() [with T = Vector3<float>]	40	static
LowPassFilter.cpp:43:6:void DigitalLPF<T>::compute_alpha(float, float) [with T = Vector3<float>]	32	static
LowPassFilter.cpp:25:3:T DigitalLPF<T>::apply(const T&, float, float) [with T = Vector3<float>]	64	static
LowPassFilter.cpp:37:3:T DigitalLPF<T>::apply(const T&) [with T = Vector3<float>]	56	static
LowPassFilter.cpp:55:10:const T& DigitalLPF<T>::get() const [with T = Vector3<float>]	16	static
LowPassFilter.cpp:60:6:void DigitalLPF<T>::reset(T) [with T = Vector3<float>]	24	static
vector3.h:30:15:constexpr Vector3<T>::Vector3() [with T = float]	16	static
