LowPassFilter2p.cpp:61:1:LowPassFilter2p<T>::LowPassFilter2p() [with T = int]	16	static
LowPassFilter2p.cpp:67:1:LowPassFilter2p<T>::LowPassFilter2p(float, float) [with T = int]	24	static
LowPassFilter2p.cpp:74:6:void LowPassFilter2p<T>::set_cutoff_frequency(float, float) [with T = int]	24	static
LowPassFilter2p.cpp:80:7:float LowPassFilter2p<T>::get_cutoff_freq() const [with T = int]	16	static
LowPassFilter2p.cpp:85:7:float LowPassFilter2p<T>::get_sample_freq() const [with T = int]	16	static
LowPassFilter2p.cpp:90:3:T LowPassFilter2p<T>::apply(const T&) [with T = int]	16	static
LowPassFilter2p.cpp:95:6:void LowPassFilter2p<T>::reset() [with T = int]	16	static
LowPassFilter2p.cpp:61:1:LowPassFilter2p<T>::LowPassFilter2p() [with T = long int]	16	static
LowPassFilter2p.cpp:67:1:LowPassFilter2p<T>::LowPassFilter2p(float, float) [with T = long int]	24	static
LowPassFilter2p.cpp:74:6:void LowPassFilter2p<T>::set_cutoff_frequency(float, float) [with T = long int]	24	static
LowPassFilter2p.cpp:80:7:float LowPassFilter2p<T>::get_cutoff_freq() const [with T = long int]	16	static
LowPassFilter2p.cpp:85:7:float LowPassFilter2p<T>::get_sample_freq() const [with T = long int]	16	static
LowPassFilter2p.cpp:90:3:T LowPassFilter2p<T>::apply(const T&) [with T = long int]	16	static
LowPassFilter2p.cpp:95:6:void LowPassFilter2p<T>::reset() [with T = long int]	16	static
LowPassFilter2p.cpp:61:1:LowPassFilter2p<T>::LowPassFilter2p() [with T = float]	16	static
LowPassFilter2p.cpp:67:1:LowPassFilter2p<T>::LowPassFilter2p(float, float) [with T = float]	24	static
LowPassFilter2p.cpp:74:6:void LowPassFilter2p<T>::set_cutoff_frequency(float, float) [with T = float]	24	static
LowPassFilter2p.cpp:80:7:float LowPassFilter2p<T>::get_cutoff_freq() const [with T = float]	16	static
LowPassFilter2p.cpp:85:7:float LowPassFilter2p<T>::get_sample_freq() const [with T = float]	16	static
LowPassFilter2p.cpp:90:3:T LowPassFilter2p<T>::apply(const T&) [with T = float]	16	static
LowPassFilter2p.cpp:95:6:void LowPassFilter2p<T>::reset() [with T = float]	16	static
LowPassFilter2p.cpp:61:1:LowPassFilter2p<T>::LowPassFilter2p() [with T = Vector2<float>]	16	static
LowPassFilter2p.cpp:67:1:LowPassFilter2p<T>::LowPassFilter2p(float, float) [with T = Vector2<float>]	24	static
LowPassFilter2p.cpp:74:6:void LowPassFilter2p<T>::set_cutoff_frequency(float, float) [with T = Vector2<float>]	24	static
LowPassFilter2p.cpp:80:7:float LowPassFilter2p<T>::get_cutoff_freq() const [with T = Vector2<float>]	16	static
LowPassFilter2p.cpp:85:7:float LowPassFilter2p<T>::get_sample_freq() const [with T = Vector2<float>]	16	static
LowPassFilter2p.cpp:90:3:T LowPassFilter2p<T>::apply(const T&) [with T = Vector2<float>]	24	static
LowPassFilter2p.cpp:95:6:void LowPassFilter2p<T>::reset() [with T = Vector2<float>]	16	static
LowPassFilter2p.cpp:61:1:LowPassFilter2p<T>::LowPassFilter2p() [with T = Vector3<float>]	16	static
LowPassFilter2p.cpp:67:1:LowPassFilter2p<T>::LowPassFilter2p(float, float) [with T = Vector3<float>]	24	static
LowPassFilter2p.cpp:74:6:void LowPassFilter2p<T>::set_cutoff_frequency(float, float) [with T = Vector3<float>]	24	static
LowPassFilter2p.cpp:80:7:float LowPassFilter2p<T>::get_cutoff_freq() const [with T = Vector3<float>]	16	static
LowPassFilter2p.cpp:85:7:float LowPassFilter2p<T>::get_sample_freq() const [with T = Vector3<float>]	16	static
LowPassFilter2p.cpp:90:3:T LowPassFilter2p<T>::apply(const T&) [with T = Vector3<float>]	24	static
LowPassFilter2p.cpp:95:6:void LowPassFilter2p<T>::reset() [with T = Vector3<float>]	16	static
LowPassFilter2p.cpp:14:1:DigitalBiquadFilter<T>::DigitalBiquadFilter() [with T = int]	16	static
LowPassFilter2p.cpp:40:6:static void DigitalBiquadFilter<T>::compute_params(float, float, DigitalBiquadFilter<T>::biquad_params&) [with T = int]	40	static
LowPassFilter2p.cpp:20:3:T DigitalBiquadFilter<T>::apply(const T&, const DigitalBiquadFilter<T>::biquad_params&) [with T = int]	32	static
LowPassFilter2p.cpp:35:6:void DigitalBiquadFilter<T>::reset() [with T = int]	16	static
LowPassFilter2p.cpp:14:1:DigitalBiquadFilter<T>::DigitalBiquadFilter() [with T = long int]	16	static
LowPassFilter2p.cpp:40:6:static void DigitalBiquadFilter<T>::compute_params(float, float, DigitalBiquadFilter<T>::biquad_params&) [with T = long int]	40	static
LowPassFilter2p.cpp:20:3:T DigitalBiquadFilter<T>::apply(const T&, const DigitalBiquadFilter<T>::biquad_params&) [with T = long int]	32	static
LowPassFilter2p.cpp:35:6:void DigitalBiquadFilter<T>::reset() [with T = long int]	16	static
LowPassFilter2p.cpp:14:1:DigitalBiquadFilter<T>::DigitalBiquadFilter() [with T = float]	16	static
LowPassFilter2p.cpp:40:6:static void DigitalBiquadFilter<T>::compute_params(float, float, DigitalBiquadFilter<T>::biquad_params&) [with T = float]	40	static
LowPassFilter2p.cpp:20:3:T DigitalBiquadFilter<T>::apply(const T&, const DigitalBiquadFilter<T>::biquad_params&) [with T = float]	32	static
LowPassFilter2p.cpp:35:6:void DigitalBiquadFilter<T>::reset() [with T = float]	16	static
LowPassFilter2p.cpp:14:1:DigitalBiquadFilter<T>::DigitalBiquadFilter() [with T = Vector2<float>]	32	static
LowPassFilter2p.cpp:40:6:static void DigitalBiquadFilter<T>::compute_params(float, float, DigitalBiquadFilter<T>::biquad_params&) [with T = Vector2<float>]	40	static
LowPassFilter2p.cpp:20:3:T DigitalBiquadFilter<T>::apply(const T&, const DigitalBiquadFilter<T>::biquad_params&) [with T = Vector2<float>]	96	static
LowPassFilter2p.cpp:35:6:void DigitalBiquadFilter<T>::reset() [with T = Vector2<float>]	24	static
LowPassFilter2p.cpp:14:1:DigitalBiquadFilter<T>::DigitalBiquadFilter() [with T = Vector3<float>]	48	static
LowPassFilter2p.cpp:40:6:static void DigitalBiquadFilter<T>::compute_params(float, float, DigitalBiquadFilter<T>::biquad_params&) [with T = Vector3<float>]	40	static
LowPassFilter2p.cpp:20:3:T DigitalBiquadFilter<T>::apply(const T&, const DigitalBiquadFilter<T>::biquad_params&) [with T = Vector3<float>]	144	static
LowPassFilter2p.cpp:35:6:void DigitalBiquadFilter<T>::reset() [with T = Vector3<float>]	32	static
math_inc.h:47:13:bool is_zero(T) [with T = float]	16	static
vector2.h:17:15:constexpr Vector2<T>::Vector2() [with T = float]	16	static
vector3.h:30:15:constexpr Vector3<T>::Vector3() [with T = float]	16	static
