rcinput.c:96:13:wifi_init	8	static
rcinput.c:114:13:PPM_Init	8	static
rcinput.c:120:13:SBUS_Init	8	static
rcinput.c:127:6:set_rc_channels_override	16	static
rcinput.c:131:19:sbus_output_buf	16	static
rcinput.c:136:19:sbus_output_buf_delayms	24	static
rcinput.c:141:6:RC_Input_Init	8	static
rcinput.c:153:13:PPM_Decode	24	static
rcinput.c:177:6:PPM_RX_InterruptHandler	8	static
rcinput.c:183:6:SBUS_RX_InterruptHandler	24	static
rcinput.c:213:13:PPM_GetData	24	static
rcinput.c:236:6:SBUS_Decode	48	static
rcinput.c:331:13:SBUS_GetData	32	static
rcinput.c:344:13:override_rc_channels	24	static
rcinput.c:352:6:RC_Input_Loop	24	static
rcinput.c:388:10:input_channel_roll	4	static
rcinput.c:389:10:input_channel_pitch	4	static
rcinput.c:390:10:input_channel_throttle	4	static
rcinput.c:391:10:input_channel_yaw	4	static
rcinput.c:392:10:input_channel_5	4	static
rcinput.c:393:10:input_channel_6	4	static
rcinput.c:394:10:input_channel_7	4	static
rcinput.c:395:10:input_channel_8	4	static
