deca_device.c:97:9:dwt_apiversion	4	static
deca_device.c:114:5:dwt_setlocaldataptr	16	static
deca_device.c:169:5:dwt_initialise	40	static
deca_device.c:338:9:dwt_otprevision	4	static
deca_device.c:355:6:dwt_setfinegraintxseq	16	static
deca_device.c:383:6:dwt_setlnapamode	24	static
deca_device.c:409:6:dwt_enablegpioclocks	16	static
deca_device.c:428:6:dwt_setgpiodirection	24	static
deca_device.c:453:6:dwt_setgpiovalue	24	static
deca_device.c:478:5:dwt_getgpiovalue	16	static
deca_device.c:497:9:dwt_geticrefvolt	4	static
deca_device.c:518:9:dwt_geticreftemp	4	static
deca_device.c:539:10:dwt_getpartid	4	static
deca_device.c:561:10:dwt_getlotid	4	static
deca_device.c:581:10:dwt_readdevid	8	static
deca_device.c:600:6:dwt_configuretxrf	16	static
deca_device.c:626:6:dwt_configurefor64plen	16	static
deca_device.c:656:6:dwt_configure	32	static
deca_device.c:795:6:dwt_setrxantennadelay	16	static
deca_device.c:814:6:dwt_settxantennadelay	16	static
deca_device.c:840:5:dwt_writetxdata	16	static
deca_device.c:877:6:dwt_writetxfctrl	24	static
deca_device.c:907:6:dwt_readrxdata	16	static
deca_device.c:929:6:dwt_readaccdata	16	static
deca_device.c:956:9:dwt_readcarrierintegrator	24	static
deca_device.c:989:6:dwt_readdiagnostics	16	static
deca_device.c:1017:6:dwt_readtxtimestamp	16	static
deca_device.c:1033:10:dwt_readtxtimestamphi32	8	static
deca_device.c:1049:10:dwt_readtxtimestamplo32	8	static
deca_device.c:1066:6:dwt_readrxtimestamp	16	static
deca_device.c:1082:10:dwt_readrxtimestamphi32	8	static
deca_device.c:1098:10:dwt_readrxtimestamplo32	8	static
deca_device.c:1114:10:dwt_readsystimestamphi32	8	static
deca_device.c:1132:6:dwt_readsystime	16	static
deca_device.c:1160:6:dwt_writetodevice	32	static
deca_device.c:1224:6:dwt_readfromdevice	32	static
deca_device.c:1280:10:dwt_read32bitoffsetreg	32	static
deca_device.c:1309:10:dwt_read16bitoffsetreg	24	static
deca_device.c:1334:9:dwt_read8bitoffsetreg	24	static
deca_device.c:1357:6:dwt_write8bitoffsetreg	24	static
deca_device.c:1376:6:dwt_write16bitoffsetreg	32	static
deca_device.c:1400:6:dwt_write32bitoffsetreg	32	static
deca_device.c:1434:6:dwt_enableframefilter	24	static
deca_device.c:1465:6:dwt_setpanid	16	static
deca_device.c:1483:6:dwt_setaddress16	16	static
deca_device.c:1501:6:dwt_seteui	16	static
deca_device.c:1518:6:dwt_geteui	16	static
deca_device.c:1537:6:dwt_otpread	32	static
deca_device.c:1565:10:_dwt_otpread	24	static
deca_device.c:1603:10:_dwt_otpsetmrregs	32	static
deca_device.c:1744:10:_dwt_otpprogword32	24	static
deca_device.c:1797:5:dwt_otpwriteandverify	24	static
deca_device.c:1852:6:_dwt_aonconfigupload	8	static
deca_device.c:1870:6:_dwt_aonarrayupload	8	static
deca_device.c:1888:6:dwt_entersleep	8	static
deca_device.c:1908:6:dwt_configuresleepcnt	16	static
deca_device.c:1946:10:dwt_calibratesleepcnt	16	static
deca_device.c:2033:6:dwt_configuresleep	16	static
deca_device.c:2058:6:dwt_entersleepaftertx	24	static
deca_device.c:2097:5:dwt_spicswakeup	16	static
deca_device.c:2133:6:_dwt_configlde	16	static
deca_device.c:2159:6:_dwt_loaducodefromrom	8	static
deca_device.c:2188:6:dwt_loadopsettabfromotp	24	static
deca_device.c:2214:6:dwt_setsmarttxpower	24	static
deca_device.c:2247:6:dwt_enableautoack	16	static
deca_device.c:2268:6:dwt_setdblrxbuffmode	16	static
deca_device.c:2298:6:dwt_setrxaftertxdelay	24	static
deca_device.c:2327:6:dwt_setcallbacks	24	static
deca_device.c:2346:9:dwt_checkirq	8	static
deca_device.c:2375:6:dwt_isr	32	static
deca_device.c:2512:6:dwt_lowpowerlistenisr	32	static
deca_device.c:2582:6:dwt_setleds	24	static
deca_device.c:2635:6:_dwt_enableclocks	24	static
deca_device.c:2715:6:_dwt_disablesequencing	8	static
deca_device.c:2735:6:dwt_setdelayedtrxtime	16	static
deca_device.c:2757:5:dwt_starttx	24	static
deca_device.c:2808:6:dwt_forcetrxoff	16	static
deca_device.c:2850:6:dwt_syncrxbufptrs	16	static
deca_device.c:2882:6:dwt_setsniffmode	24	static
deca_device.c:2934:6:dwt_setlowpowerlistening	24	static
deca_device.c:2964:6:dwt_setsnoozetime	16	static
deca_device.c:2988:5:dwt_rxenable	24	static
deca_device.c:3039:6:dwt_setrxtimeout	24	static
deca_device.c:3081:6:dwt_setpreambledetecttimeout	16	static
deca_device.c:3111:6:dwt_setinterrupt	24	static
deca_device.c:3151:6:dwt_configeventcounters	16	static
deca_device.c:3174:6:dwt_readeventcounters	24	static
deca_device.c:3215:6:dwt_rxreset	8	static
deca_device.c:3235:6:dwt_softreset	8	static
deca_device.c:3271:6:dwt_setxtaltrim	24	static
deca_device.c:3290:9:dwt_getxtaltrim	8	static
deca_device.c:3307:6:dwt_configcwmode	16	static
deca_device.c:3359:6:dwt_configcontinuousframemode	16	static
deca_device.c:3408:10:dwt_readtempvbat	24	static
deca_device.c:3474:7:dwt_convertrawtemperature	24	static
deca_device.c:3500:9:dwt_convertdegtemptoraw	24	static
deca_device.c:3535:7:dwt_convertrawvoltage	24	static
deca_device.c:3562:9:dwt_convertvoltstoraw	32	static
deca_device.c:3587:9:dwt_readwakeuptemp	8	static
deca_device.c:3605:9:dwt_readwakeupvbat	8	static
deca_device.c:3626:10:dwt_calcbandwidthtempadj	48	static
deca_device.c:3727:10:_dwt_computetxpowersetting	32	static
deca_device.c:3800:11:dwt_calcpowertempadj	32	static
deca_device.c:3852:10:dwt_calcpgcount	40	static
