deca_device.c:111:5:dwt_initialise	32	static
deca_device.c:198:9:dwt_otprevision	4	static
deca_device.c:214:6:dwt_setGPIOforEXTTRX	16	static
deca_device.c:240:6:dwt_setGPIOdirection	24	static
deca_device.c:265:6:dwt_setGPIOvalue	24	static
deca_device.c:288:10:dwt_getpartid	4	static
deca_device.c:304:10:dwt_getlotid	4	static
deca_device.c:320:10:dwt_readdevid	8	static
deca_device.c:339:6:dwt_configuretxrf	16	static
deca_device.c:365:5:dwt_configure	32	static
deca_device.c:539:6:dwt_setrxantennadelay	16	static
deca_device.c:558:6:dwt_settxantennadelay	16	static
deca_device.c:584:5:dwt_writetxdata	16	static
deca_device.c:634:5:dwt_writetxfctrl	24	static
deca_device.c:682:6:dwt_readrxdata	16	static
deca_device.c:701:6:dwt_readaccdata	16	static
deca_device.c:723:6:dwt_readdiagnostics	16	static
deca_device.c:759:6:dwt_readtxtimestamp	16	static
deca_device.c:775:10:dwt_readtxtimestamphi32	8	static
deca_device.c:791:10:dwt_readtxtimestamplo32	8	static
deca_device.c:808:6:dwt_readrxtimestamp	16	static
deca_device.c:824:10:dwt_readrxtimestamphi32	8	static
deca_device.c:840:10:dwt_readrxtimestamplo32	8	static
deca_device.c:856:10:dwt_readsystimestamphi32	8	static
deca_device.c:874:6:dwt_readsystime	16	static
deca_device.c:903:5:dwt_writetodevice	32	static
deca_device.c:978:5:dwt_readfromdevice	32	static
deca_device.c:1045:10:dwt_read32bitoffsetreg	32	static
deca_device.c:1073:10:dwt_read16bitoffsetreg	32	static
deca_device.c:1102:5:dwt_write16bitoffsetreg	32	static
deca_device.c:1130:5:dwt_write32bitoffsetreg	40	static
deca_device.c:1168:6:dwt_enableframefilter	24	static
deca_device.c:1199:6:dwt_setpanid	16	static
deca_device.c:1217:6:dwt_setaddress16	16	static
deca_device.c:1235:6:dwt_seteui	16	static
deca_device.c:1252:6:dwt_geteui	16	static
deca_device.c:1271:6:dwt_otpread	40	static
deca_device.c:1299:10:_dwt_otpread	24	static
deca_device.c:1343:10:_dwt_otpsetmrregs	40	static
deca_device.c:1511:10:_dwt_otpprogword32	24	static
deca_device.c:1573:10:dwt_otpwriteandverify	24	static
deca_device.c:1628:6:_dwt_aonconfigupload	16	static
deca_device.c:1650:6:_dwt_aonarrayupload	16	static
deca_device.c:1672:6:dwt_entersleep	8	static
deca_device.c:1692:6:dwt_configuresleepcnt	24	static
deca_device.c:1736:10:dwt_calibratesleepcnt	16	static
deca_device.c:1833:6:dwt_configuresleep	24	static
deca_device.c:1862:6:dwt_entersleepaftertx	24	static
deca_device.c:1901:5:dwt_spicswakeup	16	static
deca_device.c:1937:6:_dwt_configlde	24	static
deca_device.c:1965:6:_dwt_loaducodefromrom	16	static
deca_device.c:1997:6:dwt_loadopsettabfromotp	24	static
deca_device.c:2025:6:dwt_setsmarttxpower	16	static
deca_device.c:2058:6:dwt_enableautoack	16	static
deca_device.c:2079:6:dwt_setdblrxbuffmode	16	static
deca_device.c:2109:6:dwt_setautorxreenable	24	static
deca_device.c:2141:6:dwt_setrxaftertxdelay	24	static
deca_device.c:2167:6:_dwt_enableclocks	24	static
deca_device.c:2242:6:_dwt_disablesequencing	8	static
deca_device.c:2262:6:dwt_setdelayedtrxtime	16	static
deca_device.c:2283:5:dwt_starttx	24	static
deca_device.c:2348:5:dwt_checkoverrun	8	static
deca_device.c:2365:6:dwt_syncrxbufptrs	16	static
deca_device.c:2396:6:dwt_setrxmode	24	static
deca_device.c:2424:5:dwt_rxenable	24	static
deca_device.c:2471:6:dwt_setrxtimeout	24	static
deca_device.c:2513:6:dwt_setpreambledetecttimeout	16	static
deca_device.c:2529:6:dwt_configeventcounters	24	static
deca_device.c:2555:6:dwt_readeventcounters	24	static
deca_device.c:2596:6:dwt_rxreset	16	static
deca_device.c:2617:6:dwt_softreset	16	static
deca_device.c:2660:6:dwt_xtaltrim	24	static
deca_device.c:2686:5:dwt_configcwmode	24	static
deca_device.c:2750:6:dwt_configcontinuousframemode	24	static
deca_device.c:2805:10:dwt_readtempvbat	24	static
deca_device.c:2864:9:dwt_readwakeuptemp	16	static
deca_device.c:2884:9:dwt_readwakeupvbat	16	static
