uwb.c:154:6:set_anchor_positon	24	static
uwb.c:161:6:uwb_init	16	static
uwb.c:218:6:uwb_update	72	static
uwb.c:854:6:dwt_dumpregisters	48	static
uwb.c:960:6:Anchor_Array_Init	16	static
uwb.c:969:6:Semaphore_Init	16	static
uwb.c:978:5:Sum_Tag_Semaphore_request	16	static
uwb.c:989:13:distance_mange	8	static
uwb.c:1013:13:compute_angle_send_to_anchor0	32	static
uwb.c:1130:17:get_tx_timestamp_u64	40	static
uwb.c:1154:17:get_rx_timestamp_u64	40	static
uwb.c:1179:13:final_msg_get_ts	24	static
uwb.c:1199:13:final_msg_set_ts	24	static
