common.h:283:8:<unnamed struct>::<constructor>()	16	static
motors.h:118:14:void Motors::set_desired_spool_state(Motors::spool_up_down_desired)	16	static
motors.h:121:25:bool Motors::get_armed() const	16	static
motors.h:128:25:bool Motors::get_interlock() const	16	static
position.h:95:10:void PosControl::set_alt_target(float)	16	static
mode_stabilize.cpp:9:6:bool mode_stabilize_init()	16	static
mode_stabilize.cpp:20:6:void mode_stabilize()	24	static
mode_stabilize.cpp:50:1:void __static_initialization_and_destruction_0(int, int)	16	static
mode_stabilize.cpp:50:1:cpp)	8	static
